PS C:\Users\yusuk\git_tutorial> cd \Users\yusuk
PS C:\Users\yusuk> mkdir git_challenge


    ディレクトリ: C:\Users\yusuk


Mode                 LastWriteTime         Length Name
----                 -------------         ------ ----
d-----        2025/02/12     12:33                git_challenge


PS C:\Users\yusuk> cd git_challenge
PS C:\Users\yusuk\git_challenge> git init
Initialized empty Git repository in C:/Users/yusuk/git_challenge/.git/
PS C:\Users\yusuk\git_challenge> git status
On branch main

No commits yet

Untracked files:
  (use "git add <file>..." to include in what will be committed)
        hello_world.txt

nothing added to commit but untracked files present (use "git add" to track)
PS C:\Users\yusuk\git_challenge> git add hello_world.txt                    
PS C:\Users\yusuk\git_challenge> git status
On branch main

No commits yet

Changes to be committed:
  (use "git rm --cached <file>..." to unstage)
        new file:   hello_world.txt

PS C:\Users\yusuk\git_challenge> git commit -m 1回目のコミット
[main (root-commit) 638cab9] 1回目のコミット
 1 file changed, 0 insertions(+), 0 deletions(-)
 create mode 100644 hello_world.txt
PS C:\Users\yusuk\git_challenge> git status
On branch main
nothing to commit, working tree clean
PS C:\Users\yusuk\git_challenge> git status
On branch main
Changes not staged for commit:
  (use "git add <file>..." to update what will be committed)
  (use "git restore <file>..." to discard changes in working directory)     
        modified:   hello_world.txt

no changes added to commit (use "git add" and/or "git commit -a")
PS C:\Users\yusuk\git_challenge> git add hello_world.txt      
PS C:\Users\yusuk\git_challenge> git status
On branch main
Changes to be committed:
  (use "git restore --staged <file>..." to unstage)
        modified:   hello_world.txt

PS C:\Users\yusuk\git_challenge> git commit -m 2回目のコミット
[main b58e5ba] 2回目のコミット
 1 file changed, 2 insertions(+)
PS C:\Users\yusuk\git_challenge> git log --oneline
b58e5ba (HEAD -> main) 2回目のコミット
638cab9 1回目のコミット